// Vitest Snapshot v1

exports[`PostDetails > renders post details 1`] = `
<div>
  <div
    class="sc-gKPRtg iapbnP"
  >
    <div
      class="sc-eDvSVe fXzfkg"
    >
      Post 1
    </div>
    <div
      class="sc-jSUZER dDsNen"
    >
      Bret
    </div>
    <div
      class="sc-dkrFOg ftGKqN"
    >
      <p>
        ● 
        laudantium enim quasi est quidem magnam voluptate ipsam eos
tempora quo necessitatibus
dolor quam autem quasi
reiciendis et nam sapiente accusantium
      </p>
      <p>
        ● 
        est natus enim nihil est dolore omnis voluptatem numquam
et omnis occaecati quod ullam at
voluptatem error expedita pariatur
nihil sint nostrum voluptatem reiciendis et
      </p>
      <p>
        ● 
        quia molestiae reprehenderit quasi aspernatur
aut expedita occaecati aliquam eveniet laudantium
omnis quibusdam delectus saepe quia accusamus maiores nam est
cum et ducimus et vero voluptates excepturi deleniti ratione
      </p>
      <p>
        ● 
        non et atque
occaecati deserunt quas accusantium unde odit nobis qui voluptatem
quia voluptas consequuntur itaque dolor
et qui rerum deleniti ut occaecati
      </p>
      <p>
        ● 
        harum non quasi et ratione
tempore iure ex voluptates in ratione
harum architecto fugit inventore cupiditate
voluptates magni quo et
      </p>
    </div>
  </div>
  <a
    class="sc-iBYQkv kGBVhA"
    href="/posts"
  >
    <button
      class="sc-bcXHqe fetPcC"
    >
      ← goBack
    </button>
  </a>
</div>
`;
